[zcube.in/xadvices/index04b9.html]
[backblue.gif]
[fade.gif]
[index.html]
[zcube.in/xadvices/img/favicon.ico]
[zcube.in/xadvices/css/bootstrap.min.css]
[zcube.in/xadvices/css/animate.min.css]
[zcube.in/xadvices/css/magnific-popup.css]
[zcube.in/xadvices/fontawesome/css/all.min.css]
[zcube.in/xadvices/font-flaticon/flaticon.css]
[zcube.in/xadvices/css/dripicons.css]
[zcube.in/xadvices/css/slick.css]
[zcube.in/xadvices/css/meanmenu.css]
[zcube.in/xadvices/css/default.css]
[zcube.in/xadvices/css/style.css]
[zcube.in/xadvices/css/responsive.css]
[zcube.in/xadvices/index.html]
[zcube.in/xadvices/img/logo/logo.png]
[zcube.in/xadvices/index-2.html]
[zcube.in/xadvices/about.html]
[zcube.in/xadvices/projects.html]
[zcube.in/xadvices/projects-detail.html]
[zcube.in/xadvices/pricing.html]
[zcube.in/xadvices/team.html]
[zcube.in/xadvices/faq.html]
[zcube.in/xadvices/shop.html]
[zcube.in/xadvices/shop-details.html]
[zcube.in/xadvices/services.html]
[zcube.in/xadvices/services-detail.html]
[zcube.in/xadvices/blog.html]
[zcube.in/xadvices/blog-details.html]
[zcube.in/xadvices/contact.html]
[zcube.in/xadvices/img/slider/slider_img01.png]
[zcube.in/xadvices/img/slider/slider_img02.png]
[zcube.in/xadvices/img/slider/slider_img03.png]
[zcube.in/xadvices/img/bg/ab-ani-01.png]
[zcube.in/xadvices/img/bg/ab-ani-02.png]
[zcube.in/xadvices/img/video_bg.png]
[zcube.in/xadvices/img/bg/features-lg-img.png]
[zcube.in/xadvices/img/bg/team-bg.png]
[zcube.in/xadvices/img/team/team_img01.png]
[zcube.in/xadvices/team-details.html]
[zcube.in/xadvices/img/team/team_img02.png]
[zcube.in/xadvices/img/team/team_img03.png]
[zcube.in/xadvices/img/testimonial/testi_avatar.png]
[zcube.in/xadvices/img/testimonial/qt-icon.png]
[zcube.in/xadvices/img/bg/p-shape02.png]
[zcube.in/xadvices/img/bg/p-shape.png]
[zcube.in/xadvices/img/brand/client_icon_1.png]
[zcube.in/xadvices/img/brand/client_icon_2.png]
[zcube.in/xadvices/img/brand/client_icon_3.png]
[zcube.in/xadvices/img/brand/client_icon_4.png]
[zcube.in/xadvices/img/blog/inner_b1.jpg]
[zcube.in/xadvices/img/blog/inner_b2.jpg]
[zcube.in/xadvices/img/blog/inner_b3.jpg]
[zcube.in/xadvices/img/logo/f_logo.png]
[zcube.in/xadvices/js/vendor/modernizr-3.5.0.min.js]
[zcube.in/xadvices/js/vendor/jquery-1.12.4.min.js]
[zcube.in/xadvices/js/popper.min.js]
[zcube.in/xadvices/js/bootstrap.min.js]
[zcube.in/xadvices/js/one-page-nav-min.js]
[zcube.in/xadvices/js/slick.min.js]
[zcube.in/xadvices/js/ajax-form.js]
[zcube.in/xadvices/js/paroller.js]
[zcube.in/xadvices/js/wow.min.js]
[zcube.in/xadvices/js/js_isotope.pkgd.min.js]
[zcube.in/xadvices/js/imagesloaded.min.js]
[zcube.in/xadvices/js/parallax.min.js]
[zcube.in/xadvices/js/jquery.waypoints.min.js]
[zcube.in/xadvices/js/jquery.counterup.min.js]
[zcube.in/xadvices/js/jquery.scrollUp.min.js]
[zcube.in/xadvices/js/jquery.meanmenu.min.js]
[zcube.in/xadvices/js/parallax-scroll.js]
[zcube.in/xadvices/js/jquery.magnific-popup.min.js]
[zcube.in/xadvices/js/element-in-view.js]
[zcube.in/xadvices/js/main.js]
[zcube.in/xadvices/index04b9.html]
[zcube.in/xadvices/index.html]
[zcube.in/xadvices/img/features/about_img2.png]
[zcube.in/xadvices/index-2.html]
[zcube.in/xadvices/img/testimonial/test-bg.png]
[zcube.in/xadvices/img/features/about_img.png]
[zcube.in/xadvices/img/features/awward-icon.png]
[zcube.in/xadvices/js/vendor/jquery-3.6.0.min.js]
[zcube.in/xadvices/about.html]
[zcube.in/xadvices/img/gallery/protfolio-img01.png]
[zcube.in/xadvices/img/gallery/protfolio-img02.png]
[zcube.in/xadvices/img/gallery/protfolio-img03.png]
[zcube.in/xadvices/img/gallery/protfolio-img06.png]
[zcube.in/xadvices/img/gallery/protfolio-img05.png]
[zcube.in/xadvices/img/gallery/protfolio-img04.png]
[zcube.in/xadvices/projects.html]
[zcube.in/xadvices/img/gallery/protfolio-dt-img.png]
[zcube.in/xadvices/projects-detail.html]
[zcube.in/xadvices/pricing.html]
[zcube.in/xadvices/img/team/team_img06.png]
[zcube.in/xadvices/img/team/team_img04.png]
[zcube.in/xadvices/img/team/team_img05.png]
[zcube.in/xadvices/team.html]
[zcube.in/xadvices/faq.html]
[zcube.in/xadvices/img/shop/img4.jpg]
[zcube.in/xadvices/img/shop/img5.jpg]
[zcube.in/xadvices/img/shop/img6.jpg]
[zcube.in/xadvices/img/shop/img7.jpg]
[zcube.in/xadvices/img/shop/img8.jpg]
[zcube.in/xadvices/img/shop/img9.jpg]
[zcube.in/xadvices/img/shop/img1.jpg]
[zcube.in/xadvices/img/shop/img2.jpg]
[zcube.in/xadvices/img/shop/img3.jpg]
[zcube.in/xadvices/shop.html]
[zcube.in/xadvices/img/shop/details/thumb1.jpg]
[zcube.in/xadvices/img/shop/details/thumb2.jpg]
[zcube.in/xadvices/img/shop/details/thumb3.jpg]
[zcube.in/xadvices/img/shop/details/large1.jpg]
[zcube.in/xadvices/img/shop/details/large2.jpg]
[zcube.in/xadvices/shop-details.html]
[zcube.in/xadvices/img/shop/details/large3.jpg]
[zcube.in/xadvices/services.html]
[zcube.in/xadvices/service-detail.html]
[zcube.in/xadvices/img/resource/post-img-1.jpg]
[zcube.in/xadvices/services-detail.html]
[zcube.in/xadvices/img/bg/quote_bg.png]
[zcube.in/xadvices/img/icon/blockquote.png]
[zcube.in/xadvices/blog.html]
[zcube.in/xadvices/img/blog/b_details01.jpg]
[zcube.in/xadvices/img/blog/b_details02.jpg]
[zcube.in/xadvices/img/icon/c_d01.png]
[zcube.in/xadvices/img/blog/b_details03.jpg]
[zcube.in/xadvices/img/blog/b_details04.jpg]
[zcube.in/xadvices/img/blog/comment/avatar.png]
[zcube.in/xadvices/img/blog/comment/c_01.png]
[zcube.in/xadvices/img/blog/comment/c_02.png]
[zcube.in/xadvices/img/blog/comment/c_03.png]
[zcube.in/xadvices/blog-details.html]
[zcube.in/xadvices/contact.html]
[zcube.in/xadvices/img/team/team_img_detalis.png]
[zcube.in/xadvices/team-details.html]
[zcube.in/xadvices/service-detail.html]
[zcube.in/xadvices/css/bootstrap.min.css]
[zcube.in/xadvices/css/animate.min.css]
[zcube.in/xadvices/css/magnific-popup.css]
[zcube.in/xadvices/fontawesome/webfonts/fa-brands-400.eot]
[zcube.in/xadvices/fontawesome/webfonts/fa-brands-400d41d.eot]
[zcube.in/xadvices/fontawesome/webfonts/fa-brands-400.woff2]
[zcube.in/xadvices/fontawesome/webfonts/fa-brands-400.woff]
[zcube.in/xadvices/fontawesome/webfonts/fa-brands-400.ttf]
[zcube.in/xadvices/fontawesome/webfonts/fa-brands-400.svg]
[zcube.in/xadvices/fontawesome/webfonts/fa-duotone-900.eot]
[zcube.in/xadvices/fontawesome/webfonts/fa-duotone-900d41d.eot]
[zcube.in/xadvices/fontawesome/webfonts/fa-duotone-900.woff2]
[zcube.in/xadvices/fontawesome/webfonts/fa-duotone-900.woff]
[zcube.in/xadvices/fontawesome/webfonts/fa-duotone-900.ttf]
[zcube.in/xadvices/fontawesome/webfonts/fa-duotone-900.svg]
[zcube.in/xadvices/fontawesome/webfonts/fa-light-300.eot]
[zcube.in/xadvices/fontawesome/webfonts/fa-light-300d41d.eot]
[zcube.in/xadvices/fontawesome/webfonts/fa-light-300.woff2]
[zcube.in/xadvices/fontawesome/webfonts/fa-light-300.woff]
[zcube.in/xadvices/fontawesome/webfonts/fa-light-300.ttf]
[zcube.in/xadvices/fontawesome/webfonts/fa-regular-400.eot]
[zcube.in/xadvices/fontawesome/webfonts/fa-light-300.svg]
[zcube.in/xadvices/fontawesome/webfonts/fa-regular-400d41d.eot]
[zcube.in/xadvices/fontawesome/webfonts/fa-regular-400.woff2]
[zcube.in/xadvices/fontawesome/webfonts/fa-regular-400.woff]
[zcube.in/xadvices/fontawesome/webfonts/fa-regular-400.ttf]
[zcube.in/xadvices/fontawesome/webfonts/fa-regular-400.svg]
[zcube.in/xadvices/fontawesome/webfonts/fa-solid-900.eot]
[zcube.in/xadvices/fontawesome/webfonts/fa-solid-900d41d.eot]
[zcube.in/xadvices/fontawesome/webfonts/fa-solid-900.woff2]
[zcube.in/xadvices/fontawesome/webfonts/fa-solid-900.woff]
[zcube.in/xadvices/fontawesome/webfonts/fa-solid-900.ttf]
[zcube.in/xadvices/fontawesome/css/all.min.css]
[zcube.in/xadvices/fontawesome/webfonts/fa-solid-900.svg]
[zcube.in/xadvices/font-flaticon/flaticoncc77.ttf]
[zcube.in/xadvices/font-flaticon/flaticoncc77.woff]
[zcube.in/xadvices/font-flaticon/flaticoncc77.woff2]
[zcube.in/xadvices/font-flaticon/flaticoncc77.eot]
[zcube.in/xadvices/font-flaticon/flaticoncc77.svg]
[zcube.in/xadvices/font-flaticon/flaticon.css]
[zcube.in/xadvices/fonts/dripicons-v2.eot]
[zcube.in/xadvices/fonts/dripicons-v2d41d.eot]
[zcube.in/xadvices/fonts/dripicons-v2.woff]
[zcube.in/xadvices/fonts/dripicons-v2.ttf]
[zcube.in/xadvices/css/dripicons.css]
[zcube.in/xadvices/css/slick.css]
[zcube.in/xadvices/css/meanmenu.css]
[zcube.in/xadvices/css/default.css]
[zcube.in/xadvices/fonts/dripicons-v2.svg]
[zcube.in/xadvices/img/bg/active-dote.png]
[zcube.in/xadvices/img/bg/dote.png]
[zcube.in/xadvices/img/bg/f-line.png]
[zcube.in/xadvices/images/quote_bg.png]
[zcube.in/xadvices/css/style.css]
[zcube.in/xadvices/css/responsive.css]
[zcube.in/xadvices/team-details.html]
[zcube.in/xadvices/img/bg/quote_bg.html]
[zcube.in/xadvices/fontawesome/webfonts/fa-brands-400.svg]
[zcube.in/xadvices/fontawesome/webfonts/fa-duotone-900.svg]
[zcube.in/xadvices/fontawesome/webfonts/fa-light-300.svg]
[zcube.in/xadvices/fontawesome/webfonts/fa-regular-400.svg]
[zcube.in/xadvices/fontawesome/webfonts/fa-solid-900.svg]
[zcube.in/xadvices/font-flaticon/flaticoncc77.svg]
[zcube.in/xadvices/fonts/dripicons-v2.svg]
[zcube.in/xadvices/img/bg/active-dote.html]
[zcube.in/xadvices/img/bg/dote.html]
[zcube.in/xadvices/images/quote_bg.html]
[zcube.in/xadvices/service-detail.html]
